// Vitest Snapshot v1, https://vitest.dev/guide/snapshot.html

exports[`ChangePasswordDialog - Snapshot > should render change password dialog with centralized content 1`] = `
<div
  aria-hidden="true"
  data-aria-hidden="true"
/>
`;

exports[`ChangePasswordDialog - Snapshot > should render closed dialog 1`] = `<div />`;
